Microchip MPLAB XC8 Compiler V1.21 ()

Linker command line:

--edf=D:\Program Files\Microchip\xc8\v1.21\dat\en_msgs.txt -cs \
  -h+dist/default/production\FanController.X.production.sym \
  --cmf=dist/default/production\FanController.X.production.cmf -z -Q12F683 \
  -oC:\Users\JRK\AppData\Local\Temp\s5eg.6 \
  -Mdist/default/production/FanController.X.production.map -E1 -ver=XC8 \
  -ACONST=00h-0FFhx8 -ACODE=00h-07FFh -ASTRCODE=00h-07FFh \
  -AENTRY=00h-0FFhx8 -ASTRING=00h-0FFhx8 -ACOMMON=070h-07Fh \
  -ABANK0=020h-06Fh -ABANK1=0A0h-0BFh -ARAM=020h-06Fh,0A0h-0BFh \
  -AABS1=020h-07Fh,0A0h-0BFh -ASFR0=00h-01Fh -ASFR1=080h-09Fh \
  -preset_vec=00h,intentry,init,end_init -ppowerup=CODE -pcinit=CODE \
  -pfunctab=CODE -ACONFIG=02007h-02007h -pconfig=CONFIG -DCONFIG=2 \
  -AIDLOC=02000h-02003h -pidloc=IDLOC -DIDLOC=2 -AEEDATA=00h-0FFh/02100h \
  -peeprom_data=EEDATA -DEEDATA=2 -DCODE=2 -DSTRCODE=2 -DSTRING=2 -DCONST=2 \
  -DENTRY=2 -k C:\Users\JRK\AppData\Local\Temp\s5eg.obj \
  dist/default/production\FanController.X.production.obj 

Object code version is 3.11

Machine type is 12F683



                Name                               Link     Load   Length Selector   Space Scale
C:\Users\JRK\AppData\Local\Temp\s5eg.obj
                end_init                              0        0        1        0       0
                config                             2007     2007        1     400E       0
dist/default/production\FanController.X.production.obj
                cinit                               7F7      7F7        9      FEE       0
                text11                              58E      58E       10      B1C       0
                text10                              577      577        B      AEE       0
                text9                               582      582        C      B04       0
                text8                               59E      59E       14      B3C       0
                text7                               5D5      5D5       25      BAA       0
                text6                               5B2      5B2       23      B64       0
                text5                               666      666       51      CCC       0
                text4                               714      714       5F      E28       0
                text3                               627      627       3F      C4E       0
                text2                               773      773       84      EE6       0
                text1                               6B7      6B7       5D      D6E       0
                maintext                            5FA      5FA       2D      BF4       0
                cstackBANK0                          20       20       21       20       1
                cstackCOMMON                         70       70        E       70       1
                bssBANK0                             41       41        7       20       1

TOTAL           Name                               Link     Load   Length     Space
        CLASS   CONST          

        CLASS   CODE           
                end_init                              0        0        1         0
                cinit                               7F7      7F7        9         0
                text11                              58E      58E       10         0
                text10                              577      577        B         0
                text9                               582      582        C         0
                text8                               59E      59E       14         0
                text7                               5D5      5D5       25         0
                text6                               5B2      5B2       23         0
                text5                               666      666       51         0
                text4                               714      714       5F         0
                text3                               627      627       3F         0
                text2                               773      773       84         0
                text1                               6B7      6B7       5D         0
                maintext                            5FA      5FA       2D         0

        CLASS   STRCODE        

        CLASS   ENTRY          

        CLASS   STRING         

        CLASS   COMMON         
                cstackCOMMON                         70       70        E         1

        CLASS   BANK0          
                cstackBANK0                          20       20       21         1
                bssBANK0                             41       41        7         1

        CLASS   BANK1          

        CLASS   RAM            

        CLASS   ABS1           
                abs_s1                               7E       7E        2         1

        CLASS   SFR0           

        CLASS   SFR1           

        CLASS   CONFIG         
                config                             2007     2007        1         0

        CLASS   IDLOC          

        CLASS   EEDATA         



SEGMENTS        Name                           Load    Length   Top    Selector   Space  Class     Delta

                reset_vec                      000000  000001  000001         0       0  CODE        2
                cstackBANK0                    000020  000028  000048        20       1  BANK0       1
                cstackCOMMON                   000070  00000E  00007E        70       1  COMMON      1
                text10                         000577  00000B  000582       AEE       0  CODE        2
                text9                          000582  00000C  00058E       B04       0  CODE        2
                text11                         00058E  000010  00059E       B1C       0  CODE        2
                text8                          00059E  000014  0005B2       B3C       0  CODE        2
                text6                          0005B2  000023  0005D5       B64       0  CODE        2
                text7                          0005D5  000025  0005FA       BAA       0  CODE        2
                maintext                       0005FA  00002D  000627       BF4       0  CODE        2
                text3                          000627  00003F  000666       C4E       0  CODE        2
                text5                          000666  000051  0006B7       CCC       0  CODE        2
                text1                          0006B7  00005D  000714       D6E       0  CODE        2
                text4                          000714  00005F  000773       E28       0  CODE        2
                text2                          000773  000084  0007F7       EE6       0  CODE        2
                cinit                          0007F7  000009  000800       FEE       0  CODE        2
                config                         002007  000001  002008      400E       0  CONFIG      2


UNUSED ADDRESS RANGES

        Name                Unused          Largest block    Delta
        BANK0            0048-006F             28           1
        BANK1            00A0-00BF             20           1
        CODE             0001-0576            576           2
        CONST            0001-0576            100           2
        EEDATA           2100-21FF            100           2
        ENTRY            0001-0576            100           2
        IDLOC            2000-2003              4           2
        RAM              0048-006F             28           1
                         00A0-00BF             20
        SFR0             0000-001F             20           1
        SFR1             0080-009F             20           1
        STRCODE          0001-0576            576           2
        STRING           0001-0576            100           2

                                  Symbol Table

?___lldiv                 cstackBANK0  0020
?___lmul                  cstackCOMMON 0070
?___wmul                  cstackCOMMON 0070
?_getFanSpeed             cstackBANK0  002D
?_mapToDegF               cstackCOMMON 0076
?_rampToSpeed             cstackCOMMON 0070
?_readADC                 cstackCOMMON 0070
_ADCON0bits               (abs)        001F
_ADRESH                   (abs)        001E
_ADRESL                   (abs)        009E
_ANSELbits                (abs)        009F
_CCP1CONbits              (abs)        0015
_CCPR1L                   (abs)        0013
_GPIObits                 (abs)        0005
_OSCCONbits               (abs)        008F
_PR2                      (abs)        0092
_SetupADC                 text9        0582
_SetupOscillator          text11       058E
_SetupPWM                 text8        059E
_SetupPinIO               text10       0577
_T2CONbits                (abs)        0012
_TRISIObits               (abs)        0085
_WDTCONbits               (abs)        0018
__CFG_BOREN$ON            (abs)        0000
__CFG_CP$OFF              (abs)        0000
__CFG_CPD$OFF             (abs)        0000
__CFG_FCMEN$ON            (abs)        0000
__CFG_FOSC$INTOSCIO       (abs)        0000
__CFG_IESO$ON             (abs)        0000
__CFG_MCLRE$OFF           (abs)        0000
__CFG_PWRTE$OFF           (abs)        0000
__CFG_WDTE$ON             (abs)        0000
__Habs1                   abs1         0000
__Hbank0                  bank0        0000
__Hbank1                  bank1        0000
__HbssBANK0               bssBANK0     0000
__Hcinit                  cinit        0800
__Hclrtext                clrtext      0000
__Hcode                   code         0000
__Hcommon                 common       0000
__Hconfig                 config       2008
__HcstackBANK0            cstackBANK0  0000
__HcstackCOMMON           cstackCOMMON 0000
__Heeprom_data            eeprom_data  0000
__Hend_init               end_init     0001
__Hfunctab                functab      0000
__Hidloc                  idloc        0000
__Hinit                   init         0000
__Hintentry               intentry     0000
__Hmaintext               maintext     0000
__Hpowerup                powerup      0000
__Hram                    ram          0000
__Hreset_vec              reset_vec    0000
__Hsfr0                   sfr0         0000
__Hsfr1                   sfr1         0000
__Hstrings                strings      0000
__Htext                   text         0000
__Labs1                   abs1         0000
__Lbank0                  bank0        0000
__Lbank1                  bank1        0000
__LbssBANK0               bssBANK0     0000
__Lcinit                  cinit        07F7
__Lclrtext                clrtext      0000
__Lcode                   code         0000
__Lcommon                 common       0000
__Lconfig                 config       2007
__LcstackBANK0            cstackBANK0  0000
__LcstackCOMMON           cstackCOMMON 0000
__Leeprom_data            eeprom_data  0000
__Lend_init               end_init     0000
__Lfunctab                functab      0000
__Lidloc                  idloc        0000
__Linit                   init         0000
__Lintentry               intentry     0000
__Lmaintext               maintext     0000
__Lpowerup                powerup      0000
__Lram                    ram          0000
__Lreset_vec              reset_vec    0000
__Lsfr0                   sfr0         0000
__Lsfr1                   sfr1         0000
__Lstrings                strings      0000
__Ltext                   text         0000
__S0                      (abs)        2008
__S1                      (abs)        007E
__S3                      (abs)        0000
___latbits                (abs)        0000
___lldiv                  text4        0714
___lldiv@counter          cstackBANK0  002C
___lldiv@dividend         cstackBANK0  0024
___lldiv@divisor          cstackBANK0  0020
___lldiv@quotient         cstackBANK0  0028
___lmul                   text3        0627
___lmul@multiplicand      cstackCOMMON 0074
___lmul@multiplier        cstackCOMMON 0070
___lmul@product           cstackCOMMON 0079
___wmul                   text6        05B2
___wmul@multiplicand      cstackCOMMON 0072
___wmul@multiplier        cstackCOMMON 0070
___wmul@product           cstackCOMMON 0074
__end_of_SetupADC         text9        058E
__end_of_SetupOscillator  text11       059E
__end_of_SetupPWM         text8        05B2
__end_of_SetupPinIO       text10       0582
__end_of___lldiv          text4        0773
__end_of___lmul           text3        0666
__end_of___wmul           text6        05D5
__end_of__initialization  cinit        07FE
__end_of_getFanSpeed      text2        07F7
__end_of_main             maintext     0627
__end_of_mapToDegF        text5        06B7
__end_of_rampToSpeed      text1        0714
__end_of_readADC          text7        05FA
__initialization          cinit        07F7
__pbssBANK0               bssBANK0     0041
__pcstackBANK0            cstackBANK0  0020
__pcstackCOMMON           cstackCOMMON 0070
__pmaintext               maintext     05FA
__ptext0                  text0        0000
__ptext1                  text1        06B7
__ptext10                 text10       0577
__ptext11                 text11       058E
__ptext2                  text2        0773
__ptext3                  text3        0627
__ptext4                  text4        0714
__ptext5                  text5        0666
__ptext6                  text6        05B2
__ptext7                  text7        05D5
__ptext8                  text8        059E
__ptext9                  text9        0582
__size_of_SetupADC        (abs)        0000
__size_of_SetupOscillator (abs)        0000
__size_of_SetupPWM        (abs)        0000
__size_of_SetupPinIO      (abs)        0000
__size_of___lldiv         (abs)        0000
__size_of___lmul          (abs)        0000
__size_of___wmul          (abs)        0000
__size_of_getFanSpeed     (abs)        0000
__size_of_main            (abs)        0000
__size_of_mapToDegF       (abs)        0000
__size_of_rampToSpeed     (abs)        0000
__size_of_readADC         (abs)        0000
_adcValue                 bssBANK0     0041
_delayLooper              bssBANK0     0043
_fanSpeed                 bssBANK0     0045
_getFanSpeed              text2        0773
_main                     maintext     05FA
_mapToDegF                text5        0666
_rampToSpeed              text1        06B7
_readADC                  text7        05D5
_tempDegF                 bssBANK0     0047
btemp                     (abs)        007E
end_of_initialization     cinit        07FE
getFanSpeed@fanSpeed      cstackBANK0  0037
getFanSpeed@temp          cstackBANK0  0033
getFanSpeed@tempF         cstackBANK0  003B
intlevel0                 functab      0000
intlevel1                 functab      0000
intlevel2                 functab      0000
intlevel3                 functab      0000
intlevel4                 functab      0000
intlevel5                 functab      0000
mapToDegF@adc             cstackCOMMON 0076
mapToDegF@result          cstackCOMMON 007A
rampToSpeed@command       cstackCOMMON 0076
rampToSpeed@currentSpeed  cstackCOMMON 0078
rampToSpeed@targetSpeed   cstackCOMMON 0070
readADC@result            cstackCOMMON 0074
reset_vec                 reset_vec    0000
start                     init         0000
start_initialization      cinit        07F7
wtemp0                    (abs)        007E


FUNCTION INFORMATION:

 *************** function _main *****************
 Defined at:
		line 150 in file "D:/Programming/LocalGit/FanController/FanController.X/main.c"
 Parameters:    Size  Location     Type
  argc            2   28[BANK0 ] int 
  argv            2   30[BANK0 ] PTR PTR unsigned char 
 Auto vars:     Size  Location     Type
		None
 Return value:  Size  Location     Type
                  2   28[BANK0 ] int 
 Registers used:
		wreg, status,2, status,0, btemp+1, pclath, cstack
 Tracked objects:
		On entry : 
		On exit  : 
		Unchanged: 
 Data sizes:     COMMON   BANK0   BANK1
      Params:         0       4       0
      Locals:         0       0       0
      Temps:          0       1       0
      Totals:         0       5       0
Total ram usage:        5 bytes
 Hardware stack levels required when called:    2
 This function calls:
		_SetupOscillator
		_SetupPinIO
		_SetupADC
		_SetupPWM
		_readADC
		_mapToDegF
		_getFanSpeed
		_rampToSpeed
 This function is called by:
		Startup code after reset
 This function uses a non-reentrant model


 *************** function _rampToSpeed *****************
 Defined at:
		line 132 in file "D:/Programming/LocalGit/FanController/FanController.X/main.c"
 Parameters:    Size  Location     Type
  targetSpeed     2    0[COMMON] const unsigned int 
 Auto vars:     Size  Location     Type
  currentSpeed    2    8[COMMON] unsigned int 
  command         2    6[COMMON] unsigned int 
 Return value:  Size  Location     Type
		None               void
 Registers used:
		wreg, status,2, status,0
 Tracked objects:
		On entry : 
		On exit  : 
		Unchanged: 
 Data sizes:     COMMON   BANK0   BANK1
      Params:         2       0       0
      Locals:         4       0       0
      Temps:          4       0       0
      Totals:        10       0       0
Total ram usage:       10 bytes
 Hardware stack levels used:    1
 This function calls:
		Nothing
 This function is called by:
		_main
 This function uses a non-reentrant model


 *************** function _getFanSpeed *****************
 Defined at:
		line 115 in file "D:/Programming/LocalGit/FanController/FanController.X/main.c"
 Parameters:    Size  Location     Type
  tempF           1    wreg     const unsigned char 
 Auto vars:     Size  Location     Type
  tempF           1   27[BANK0 ] const unsigned char 
  fanSpeed        4   23[BANK0 ] unsigned long 
  temp            4   19[BANK0 ] unsigned long 
 Return value:  Size  Location     Type
                  2   13[BANK0 ] unsigned int 
 Registers used:
		wreg, status,2, status,0, pclath, cstack
 Tracked objects:
		On entry : 
		On exit  : 
		Unchanged: 
 Data sizes:     COMMON   BANK0   BANK1
      Params:         0       2       0
      Locals:         0       9       0
      Temps:          0       4       0
      Totals:         0      15       0
Total ram usage:       15 bytes
 Hardware stack levels used:    1
 Hardware stack levels required when called:    1
 This function calls:
		___lldiv
		___lmul
 This function is called by:
		_main
 This function uses a non-reentrant model


 *************** function ___lmul *****************
 Defined at:
		line 3 in file "D:\Program Files\Microchip\xc8\v1.21\sources\pic\lmul.c"
 Parameters:    Size  Location     Type
  multiplier      4    0[COMMON] unsigned long 
  multiplicand    4    4[COMMON] unsigned long 
 Auto vars:     Size  Location     Type
  product         4    9[COMMON] unsigned long 
 Return value:  Size  Location     Type
                  4    0[COMMON] unsigned long 
 Registers used:
		wreg, status,2, status,0
 Tracked objects:
		On entry : 
		On exit  : 
		Unchanged: 
 Data sizes:     COMMON   BANK0   BANK1
      Params:         8       0       0
      Locals:         4       0       0
      Temps:          1       0       0
      Totals:        13       0       0
Total ram usage:       13 bytes
 Hardware stack levels used:    1
 This function calls:
		Nothing
 This function is called by:
		_getFanSpeed
 This function uses a non-reentrant model


 *************** function ___lldiv *****************
 Defined at:
		line 5 in file "D:\Program Files\Microchip\xc8\v1.21\sources\pic\lldiv.c"
 Parameters:    Size  Location     Type
  divisor         4    0[BANK0 ] unsigned long 
  dividend        4    4[BANK0 ] unsigned long 
 Auto vars:     Size  Location     Type
  quotient        4    8[BANK0 ] unsigned long 
  counter         1   12[BANK0 ] unsigned char 
 Return value:  Size  Location     Type
                  4    0[BANK0 ] unsigned long 
 Registers used:
		wreg, status,2, status,0
 Tracked objects:
		On entry : 
		On exit  : 
		Unchanged: 
 Data sizes:     COMMON   BANK0   BANK1
      Params:         0       8       0
      Locals:         0       5       0
      Temps:          1       0       0
      Totals:         1      13       0
Total ram usage:       14 bytes
 Hardware stack levels used:    1
 This function calls:
		Nothing
 This function is called by:
		_getFanSpeed
 This function uses a non-reentrant model


 *************** function _mapToDegF *****************
 Defined at:
		line 94 in file "D:/Programming/LocalGit/FanController/FanController.X/main.c"
 Parameters:    Size  Location     Type
  adc             2    6[COMMON] const unsigned int 
 Auto vars:     Size  Location     Type
  result          2   10[COMMON] unsigned int 
 Return value:  Size  Location     Type
                  1    wreg      unsigned char 
 Registers used:
		wreg, status,2, status,0, pclath, cstack
 Tracked objects:
		On entry : 
		On exit  : 
		Unchanged: 
 Data sizes:     COMMON   BANK0   BANK1
      Params:         2       0       0
      Locals:         2       0       0
      Temps:          2       0       0
      Totals:         6       0       0
Total ram usage:        6 bytes
 Hardware stack levels used:    1
 Hardware stack levels required when called:    1
 This function calls:
		___wmul
 This function is called by:
		_main
 This function uses a non-reentrant model


 *************** function ___wmul *****************
 Defined at:
		line 3 in file "D:\Program Files\Microchip\xc8\v1.21\sources\pic\wmul.c"
 Parameters:    Size  Location     Type
  multiplier      2    0[COMMON] unsigned int 
  multiplicand    2    2[COMMON] unsigned int 
 Auto vars:     Size  Location     Type
  product         2    4[COMMON] unsigned int 
 Return value:  Size  Location     Type
                  2    0[COMMON] unsigned int 
 Registers used:
		wreg, status,2, status,0
 Tracked objects:
		On entry : 
		On exit  : 
		Unchanged: 
 Data sizes:     COMMON   BANK0   BANK1
      Params:         4       0       0
      Locals:         2       0       0
      Temps:          0       0       0
      Totals:         6       0       0
Total ram usage:        6 bytes
 Hardware stack levels used:    1
 This function calls:
		Nothing
 This function is called by:
		_mapToDegF
 This function uses a non-reentrant model


 *************** function _readADC *****************
 Defined at:
		line 80 in file "D:/Programming/LocalGit/FanController/FanController.X/main.c"
 Parameters:    Size  Location     Type
		None
 Auto vars:     Size  Location     Type
  result          2    4[COMMON] unsigned int 
 Return value:  Size  Location     Type
                  2    0[COMMON] unsigned int 
 Registers used:
		wreg, status,2, status,0, btemp+1
 Tracked objects:
		On entry : 
		On exit  : 
		Unchanged: 
 Data sizes:     COMMON   BANK0   BANK1
      Params:         2       0       0
      Locals:         2       0       0
      Temps:          2       0       0
      Totals:         6       0       0
Total ram usage:        6 bytes
 Hardware stack levels used:    1
 This function calls:
		Nothing
 This function is called by:
		_main
 This function uses a non-reentrant model


 *************** function _SetupPWM *****************
 Defined at:
		line 68 in file "D:/Programming/LocalGit/FanController/FanController.X/main.c"
 Parameters:    Size  Location     Type
		None
 Auto vars:     Size  Location     Type
		None
 Return value:  Size  Location     Type
		None               void
 Registers used:
		wreg, status,2, status,0
 Tracked objects:
		On entry : 
		On exit  : 
		Unchanged: 
 Data sizes:     COMMON   BANK0   BANK1
      Params:         0       0       0
      Locals:         0       0       0
      Temps:          0       0       0
      Totals:         0       0       0
Total ram usage:        0 bytes
 Hardware stack levels used:    1
 This function calls:
		Nothing
 This function is called by:
		_main
 This function uses a non-reentrant model


 *************** function _SetupADC *****************
 Defined at:
		line 59 in file "D:/Programming/LocalGit/FanController/FanController.X/main.c"
 Parameters:    Size  Location     Type
		None
 Auto vars:     Size  Location     Type
		None
 Return value:  Size  Location     Type
		None               void
 Registers used:
		wreg, status,2, status,0
 Tracked objects:
		On entry : 
		On exit  : 
		Unchanged: 
 Data sizes:     COMMON   BANK0   BANK1
      Params:         0       0       0
      Locals:         0       0       0
      Temps:          0       0       0
      Totals:         0       0       0
Total ram usage:        0 bytes
 Hardware stack levels used:    1
 This function calls:
		Nothing
 This function is called by:
		_main
 This function uses a non-reentrant model


 *************** function _SetupPinIO *****************
 Defined at:
		line 46 in file "D:/Programming/LocalGit/FanController/FanController.X/main.c"
 Parameters:    Size  Location     Type
		None
 Auto vars:     Size  Location     Type
		None
 Return value:  Size  Location     Type
		None               void
 Registers used:
		None
 Tracked objects:
		On entry : 
		On exit  : 
		Unchanged: 
 Data sizes:     COMMON   BANK0   BANK1
      Params:         0       0       0
      Locals:         0       0       0
      Temps:          0       0       0
      Totals:         0       0       0
Total ram usage:        0 bytes
 Hardware stack levels used:    1
 This function calls:
		Nothing
 This function is called by:
		_main
 This function uses a non-reentrant model


 *************** function _SetupOscillator *****************
 Defined at:
		line 36 in file "D:/Programming/LocalGit/FanController/FanController.X/main.c"
 Parameters:    Size  Location     Type
		None
 Auto vars:     Size  Location     Type
		None
 Return value:  Size  Location     Type
		None               void
 Registers used:
		wreg, status,2, status,0
 Tracked objects:
		On entry : 
		On exit  : 
		Unchanged: 
 Data sizes:     COMMON   BANK0   BANK1
      Params:         0       0       0
      Locals:         0       0       0
      Temps:          0       0       0
      Totals:         0       0       0
Total ram usage:        0 bytes
 Hardware stack levels used:    1
 This function calls:
		Nothing
 This function is called by:
		_main
 This function uses a non-reentrant model



MODULE INFORMATION

Module		Function		Class		Link	Load	Size
D:\Program Files\Microchip\xc8\v1.21\sources\pic\lmul.c
		___lmul        		CODE           	0627	0000	63

D:\Program Files\Microchip\xc8\v1.21\sources\pic\lmul.c estimated size: 63

shared
		__initializatio		CODE           	07F7	0000	7

shared estimated size: 7

D:\Program Files\Microchip\xc8\v1.21\sources\pic\lldiv.c
		___lldiv       		CODE           	0714	0000	95

D:\Program Files\Microchip\xc8\v1.21\sources\pic\lldiv.c estimated size: 95

D:\Program Files\Microchip\xc8\v1.21\sources\pic\wmul.c
		___wmul        		CODE           	05B2	0000	35

D:\Program Files\Microchip\xc8\v1.21\sources\pic\wmul.c estimated size: 35

D:/Programming/LocalGit/FanController/FanController.X/main.c
		_getFanSpeed   		CODE           	0773	0000	132
		_SetupPinIO    		CODE           	0577	0000	11
		_main          		CODE           	05FA	0000	45
		_SetupOscillato		CODE           	058E	0000	16
		_mapToDegF     		CODE           	0666	0000	81
		_rampToSpeed   		CODE           	06B7	0000	93
		_SetupADC      		CODE           	0582	0000	12
		_SetupPWM      		CODE           	059E	0000	20
		_readADC       		CODE           	05D5	0000	37

D:/Programming/LocalGit/FanController/FanController.X/main.c estimated size: 447

