Microchip MPLAB XC8 Compiler V1.21 ()

Linker command line:

--edf=D:\Program Files\Microchip\xc8\v1.21\dat\en_msgs.txt -cs \
  -h+dist/default/production\FanController.X.production.sym \
  --cmf=dist/default/production\FanController.X.production.cmf -z -Q12F683 \
  -oC:\Users\JRK\AppData\Local\Temp\s638.6 \
  -Mdist/default/production/FanController.X.production.map -E1 -ver=XC8 \
  -ACONST=00h-0FFhx8 -ACODE=00h-07FFh -ASTRCODE=00h-07FFh \
  -AENTRY=00h-0FFhx8 -ASTRING=00h-0FFhx8 -ACOMMON=070h-07Fh \
  -ABANK0=020h-06Fh -ABANK1=0A0h-0BFh -ARAM=020h-06Fh,0A0h-0BFh \
  -AABS1=020h-07Fh,0A0h-0BFh -ASFR0=00h-01Fh -ASFR1=080h-09Fh \
  -preset_vec=00h,intentry,init,end_init -ppowerup=CODE -pcinit=CODE \
  -pfunctab=CODE -ACONFIG=02007h-02007h -pconfig=CONFIG -DCONFIG=2 \
  -AIDLOC=02000h-02003h -pidloc=IDLOC -DIDLOC=2 -AEEDATA=00h-0FFh/02100h \
  -peeprom_data=EEDATA -DEEDATA=2 -DCODE=2 -DSTRCODE=2 -DSTRING=2 -DCONST=2 \
  -DENTRY=2 -k C:\Users\JRK\AppData\Local\Temp\s638.obj \
  dist/default/production\FanController.X.production.obj 

Object code version is 3.11

Machine type is 12F683



                Name                               Link     Load   Length Selector   Space Scale
C:\Users\JRK\AppData\Local\Temp\s638.obj
                end_init                              0        0        1        0       0
                config                             2007     2007        1     400E       0
dist/default/production\FanController.X.production.obj
                cinit                               7F7      7F7        9      FEE       0
                text9                               676      676       10      CEC       0
                text8                               65F      65F        B      CBE       0
                text7                               66A      66A        C      CD4       0
                text6                               686      686       14      D0C       0
                text5                               6BD      6BD       25      D7A       0
                text4                               69A      69A       23      D34       0
                text3                               749      749       51      E92       0
                text2                               70F      70F       3A      E1E       0
                text1                               79A      79A       5D      F34       0
                maintext                            6E2      6E2       2D      DC4       0
                cstackBANK0                          27       27        4       20       1
                cstackCOMMON                         70       70        E       70       1
                bssBANK0                             20       20        7       20       1

TOTAL           Name                               Link     Load   Length     Space
        CLASS   CONST          

        CLASS   CODE           
                end_init                              0        0        1         0
                cinit                               7F7      7F7        9         0
                text9                               676      676       10         0
                text8                               65F      65F        B         0
                text7                               66A      66A        C         0
                text6                               686      686       14         0
                text5                               6BD      6BD       25         0
                text4                               69A      69A       23         0
                text3                               749      749       51         0
                text2                               70F      70F       3A         0
                text1                               79A      79A       5D         0
                maintext                            6E2      6E2       2D         0

        CLASS   STRCODE        

        CLASS   ENTRY          

        CLASS   STRING         

        CLASS   COMMON         
                cstackCOMMON                         70       70        E         1

        CLASS   BANK0          
                cstackBANK0                          27       27        4         1
                bssBANK0                             20       20        7         1

        CLASS   BANK1          

        CLASS   RAM            

        CLASS   ABS1           
                abs_s1                               7E       7E        2         1

        CLASS   SFR0           

        CLASS   SFR1           

        CLASS   CONFIG         
                config                             2007     2007        1         0

        CLASS   IDLOC          

        CLASS   EEDATA         



SEGMENTS        Name                           Load    Length   Top    Selector   Space  Class     Delta

                reset_vec                      000000  000001  000001         0       0  CODE        2
                bssBANK0                       000020  00000B  00002B        20       1  BANK0       1
                cstackCOMMON                   000070  00000E  00007E        70       1  COMMON      1
                text8                          00065F  00000B  00066A       CBE       0  CODE        2
                text7                          00066A  00000C  000676       CD4       0  CODE        2
                text9                          000676  000010  000686       CEC       0  CODE        2
                text6                          000686  000014  00069A       D0C       0  CODE        2
                text4                          00069A  000023  0006BD       D34       0  CODE        2
                text5                          0006BD  000025  0006E2       D7A       0  CODE        2
                maintext                       0006E2  00002D  00070F       DC4       0  CODE        2
                text2                          00070F  00003A  000749       E1E       0  CODE        2
                text3                          000749  000051  00079A       E92       0  CODE        2
                text1                          00079A  00005D  0007F7       F34       0  CODE        2
                cinit                          0007F7  000009  000800       FEE       0  CODE        2
                config                         002007  000001  002008      400E       0  CONFIG      2


UNUSED ADDRESS RANGES

        Name                Unused          Largest block    Delta
        BANK0            002B-006F             45           1
        BANK1            00A0-00BF             20           1
        CODE             0001-065E            65E           2
        CONST            0001-065E            100           2
        EEDATA           2100-21FF            100           2
        ENTRY            0001-065E            100           2
        IDLOC            2000-2003              4           2
        RAM              002B-006F             45           1
                         00A0-00BF             20
        SFR0             0000-001F             20           1
        SFR1             0080-009F             20           1
        STRCODE          0001-065E            65E           2
        STRING           0001-065E            100           2

                                  Symbol Table

?___wmul                  cstackCOMMON 0070
?_getFanSpeed             cstackCOMMON 0076
?_mapToDegF               cstackCOMMON 0076
?_rampToSpeed             cstackCOMMON 0070
?_readADC                 cstackCOMMON 0070
_ADCON0bits               (abs)        001F
_ADRESH                   (abs)        001E
_ADRESL                   (abs)        009E
_ANSELbits                (abs)        009F
_CCP1CONbits              (abs)        0015
_CCPR1L                   (abs)        0013
_GPIObits                 (abs)        0005
_OSCCONbits               (abs)        008F
_PR2                      (abs)        0092
_SetupADC                 text7        066A
_SetupOscillator          text9        0676
_SetupPWM                 text6        0686
_SetupPinIO               text8        065F
_T2CONbits                (abs)        0012
_TRISIObits               (abs)        0085
_WDTCONbits               (abs)        0018
__CFG_BOREN$ON            (abs)        0000
__CFG_CP$OFF              (abs)        0000
__CFG_CPD$OFF             (abs)        0000
__CFG_FCMEN$ON            (abs)        0000
__CFG_FOSC$INTOSCIO       (abs)        0000
__CFG_IESO$ON             (abs)        0000
__CFG_MCLRE$OFF           (abs)        0000
__CFG_PWRTE$OFF           (abs)        0000
__CFG_WDTE$ON             (abs)        0000
__Habs1                   abs1         0000
__Hbank0                  bank0        0000
__Hbank1                  bank1        0000
__HbssBANK0               bssBANK0     0000
__Hcinit                  cinit        0800
__Hclrtext                clrtext      0000
__Hcode                   code         0000
__Hcommon                 common       0000
__Hconfig                 config       2008
__HcstackBANK0            cstackBANK0  0000
__HcstackCOMMON           cstackCOMMON 0000
__Heeprom_data            eeprom_data  0000
__Hend_init               end_init     0001
__Hfunctab                functab      0000
__Hidloc                  idloc        0000
__Hinit                   init         0000
__Hintentry               intentry     0000
__Hmaintext               maintext     0000
__Hpowerup                powerup      0000
__Hram                    ram          0000
__Hreset_vec              reset_vec    0000
__Hsfr0                   sfr0         0000
__Hsfr1                   sfr1         0000
__Hstrings                strings      0000
__Htext                   text         0000
__Labs1                   abs1         0000
__Lbank0                  bank0        0000
__Lbank1                  bank1        0000
__LbssBANK0               bssBANK0     0000
__Lcinit                  cinit        07F7
__Lclrtext                clrtext      0000
__Lcode                   code         0000
__Lcommon                 common       0000
__Lconfig                 config       2007
__LcstackBANK0            cstackBANK0  0000
__LcstackCOMMON           cstackCOMMON 0000
__Leeprom_data            eeprom_data  0000
__Lend_init               end_init     0000
__Lfunctab                functab      0000
__Lidloc                  idloc        0000
__Linit                   init         0000
__Lintentry               intentry     0000
__Lmaintext               maintext     0000
__Lpowerup                powerup      0000
__Lram                    ram          0000
__Lreset_vec              reset_vec    0000
__Lsfr0                   sfr0         0000
__Lsfr1                   sfr1         0000
__Lstrings                strings      0000
__Ltext                   text         0000
__S0                      (abs)        2008
__S1                      (abs)        007E
__S3                      (abs)        0000
___latbits                (abs)        0000
___wmul                   text4        069A
___wmul@multiplicand      cstackCOMMON 0072
___wmul@multiplier        cstackCOMMON 0070
___wmul@product           cstackCOMMON 0074
__end_of_SetupADC         text7        0676
__end_of_SetupOscillator  text9        0686
__end_of_SetupPWM         text6        069A
__end_of_SetupPinIO       text8        066A
__end_of___wmul           text4        06BD
__end_of__initialization  cinit        07FE
__end_of_getFanSpeed      text2        0749
__end_of_main             maintext     070F
__end_of_mapToDegF        text3        079A
__end_of_rampToSpeed      text1        07F7
__end_of_readADC          text5        06E2
__initialization          cinit        07F7
__pbssBANK0               bssBANK0     0020
__pcstackBANK0            cstackBANK0  0027
__pcstackCOMMON           cstackCOMMON 0070
__pmaintext               maintext     06E2
__ptext0                  text0        0000
__ptext1                  text1        079A
__ptext2                  text2        070F
__ptext3                  text3        0749
__ptext4                  text4        069A
__ptext5                  text5        06BD
__ptext6                  text6        0686
__ptext7                  text7        066A
__ptext8                  text8        065F
__ptext9                  text9        0676
__size_of_SetupADC        (abs)        0000
__size_of_SetupOscillator (abs)        0000
__size_of_SetupPWM        (abs)        0000
__size_of_SetupPinIO      (abs)        0000
__size_of___wmul          (abs)        0000
__size_of_getFanSpeed     (abs)        0000
__size_of_main            (abs)        0000
__size_of_mapToDegF       (abs)        0000
__size_of_rampToSpeed     (abs)        0000
__size_of_readADC         (abs)        0000
_adcValue                 bssBANK0     0020
_delayLooper              bssBANK0     0022
_fanSpeed                 bssBANK0     0024
_getFanSpeed              text2        070F
_main                     maintext     06E2
_mapToDegF                text3        0749
_rampToSpeed              text1        079A
_readADC                  text5        06BD
_tempDegF                 bssBANK0     0026
btemp                     (abs)        007E
end_of_initialization     cinit        07FE
getFanSpeed@fanSpeed      cstackCOMMON 007A
getFanSpeed@tempF         cstackCOMMON 007C
intlevel0                 functab      0000
intlevel1                 functab      0000
intlevel2                 functab      0000
intlevel3                 functab      0000
intlevel4                 functab      0000
intlevel5                 functab      0000
mapToDegF@adc             cstackCOMMON 0076
mapToDegF@result          cstackCOMMON 007A
rampToSpeed@command       cstackCOMMON 0076
rampToSpeed@currentSpeed  cstackCOMMON 0078
rampToSpeed@targetSpeed   cstackCOMMON 0070
readADC@result            cstackCOMMON 0074
reset_vec                 reset_vec    0000
start                     init         0000
start_initialization      cinit        07F7
wtemp0                    (abs)        007E


FUNCTION INFORMATION:

 *************** function _main *****************
 Defined at:
		line 151 in file "D:/Programming/LocalGit/FanController/FanController.X/main.c"
 Parameters:    Size  Location     Type
  argc            2    0[BANK0 ] int 
  argv            2    2[BANK0 ] PTR PTR unsigned char 
 Auto vars:     Size  Location     Type
		None
 Return value:  Size  Location     Type
                  2    0[BANK0 ] int 
 Registers used:
		wreg, status,2, status,0, btemp+1, pclath, cstack
 Tracked objects:
		On entry : 
		On exit  : 
		Unchanged: 
 Data sizes:     COMMON   BANK0   BANK1
      Params:         0       4       0
      Locals:         0       0       0
      Temps:          1       0       0
      Totals:         1       4       0
Total ram usage:        5 bytes
 Hardware stack levels required when called:    2
 This function calls:
		_SetupOscillator
		_SetupPinIO
		_SetupADC
		_SetupPWM
		_readADC
		_mapToDegF
		_getFanSpeed
		_rampToSpeed
 This function is called by:
		Startup code after reset
 This function uses a non-reentrant model


 *************** function _rampToSpeed *****************
 Defined at:
		line 133 in file "D:/Programming/LocalGit/FanController/FanController.X/main.c"
 Parameters:    Size  Location     Type
  targetSpeed     2    0[COMMON] const unsigned int 
 Auto vars:     Size  Location     Type
  currentSpeed    2    8[COMMON] unsigned int 
  command         2    6[COMMON] unsigned int 
 Return value:  Size  Location     Type
		None               void
 Registers used:
		wreg, status,2, status,0
 Tracked objects:
		On entry : 
		On exit  : 
		Unchanged: 
 Data sizes:     COMMON   BANK0   BANK1
      Params:         2       0       0
      Locals:         4       0       0
      Temps:          4       0       0
      Totals:        10       0       0
Total ram usage:       10 bytes
 Hardware stack levels used:    1
 This function calls:
		Nothing
 This function is called by:
		_main
 This function uses a non-reentrant model


 *************** function _getFanSpeed *****************
 Defined at:
		line 115 in file "D:/Programming/LocalGit/FanController/FanController.X/main.c"
 Parameters:    Size  Location     Type
  tempF           1    wreg     const unsigned char 
 Auto vars:     Size  Location     Type
  tempF           1   12[COMMON] const unsigned char 
  fanSpeed        2   10[COMMON] unsigned int 
 Return value:  Size  Location     Type
                  2    6[COMMON] unsigned int 
 Registers used:
		wreg, status,2, status,0, pclath, cstack
 Tracked objects:
		On entry : 
		On exit  : 
		Unchanged: 
 Data sizes:     COMMON   BANK0   BANK1
      Params:         2       0       0
      Locals:         3       0       0
      Temps:          2       0       0
      Totals:         7       0       0
Total ram usage:        7 bytes
 Hardware stack levels used:    1
 Hardware stack levels required when called:    1
 This function calls:
		___wmul
 This function is called by:
		_main
 This function uses a non-reentrant model


 *************** function _mapToDegF *****************
 Defined at:
		line 94 in file "D:/Programming/LocalGit/FanController/FanController.X/main.c"
 Parameters:    Size  Location     Type
  adc             2    6[COMMON] const unsigned int 
 Auto vars:     Size  Location     Type
  result          2   10[COMMON] unsigned int 
 Return value:  Size  Location     Type
                  1    wreg      unsigned char 
 Registers used:
		wreg, status,2, status,0, pclath, cstack
 Tracked objects:
		On entry : 
		On exit  : 
		Unchanged: 
 Data sizes:     COMMON   BANK0   BANK1
      Params:         2       0       0
      Locals:         2       0       0
      Temps:          2       0       0
      Totals:         6       0       0
Total ram usage:        6 bytes
 Hardware stack levels used:    1
 Hardware stack levels required when called:    1
 This function calls:
		___wmul
 This function is called by:
		_main
 This function uses a non-reentrant model


 *************** function ___wmul *****************
 Defined at:
		line 3 in file "D:\Program Files\Microchip\xc8\v1.21\sources\pic\wmul.c"
 Parameters:    Size  Location     Type
  multiplier      2    0[COMMON] unsigned int 
  multiplicand    2    2[COMMON] unsigned int 
 Auto vars:     Size  Location     Type
  product         2    4[COMMON] unsigned int 
 Return value:  Size  Location     Type
                  2    0[COMMON] unsigned int 
 Registers used:
		wreg, status,2, status,0
 Tracked objects:
		On entry : 
		On exit  : 
		Unchanged: 
 Data sizes:     COMMON   BANK0   BANK1
      Params:         4       0       0
      Locals:         2       0       0
      Temps:          0       0       0
      Totals:         6       0       0
Total ram usage:        6 bytes
 Hardware stack levels used:    1
 This function calls:
		Nothing
 This function is called by:
		_mapToDegF
		_getFanSpeed
 This function uses a non-reentrant model


 *************** function _readADC *****************
 Defined at:
		line 80 in file "D:/Programming/LocalGit/FanController/FanController.X/main.c"
 Parameters:    Size  Location     Type
		None
 Auto vars:     Size  Location     Type
  result          2    4[COMMON] unsigned int 
 Return value:  Size  Location     Type
                  2    0[COMMON] unsigned int 
 Registers used:
		wreg, status,2, status,0, btemp+1
 Tracked objects:
		On entry : 
		On exit  : 
		Unchanged: 
 Data sizes:     COMMON   BANK0   BANK1
      Params:         2       0       0
      Locals:         2       0       0
      Temps:          2       0       0
      Totals:         6       0       0
Total ram usage:        6 bytes
 Hardware stack levels used:    1
 This function calls:
		Nothing
 This function is called by:
		_main
 This function uses a non-reentrant model


 *************** function _SetupPWM *****************
 Defined at:
		line 68 in file "D:/Programming/LocalGit/FanController/FanController.X/main.c"
 Parameters:    Size  Location     Type
		None
 Auto vars:     Size  Location     Type
		None
 Return value:  Size  Location     Type
		None               void
 Registers used:
		wreg, status,2, status,0
 Tracked objects:
		On entry : 
		On exit  : 
		Unchanged: 
 Data sizes:     COMMON   BANK0   BANK1
      Params:         0       0       0
      Locals:         0       0       0
      Temps:          0       0       0
      Totals:         0       0       0
Total ram usage:        0 bytes
 Hardware stack levels used:    1
 This function calls:
		Nothing
 This function is called by:
		_main
 This function uses a non-reentrant model


 *************** function _SetupADC *****************
 Defined at:
		line 59 in file "D:/Programming/LocalGit/FanController/FanController.X/main.c"
 Parameters:    Size  Location     Type
		None
 Auto vars:     Size  Location     Type
		None
 Return value:  Size  Location     Type
		None               void
 Registers used:
		wreg, status,2, status,0
 Tracked objects:
		On entry : 
		On exit  : 
		Unchanged: 
 Data sizes:     COMMON   BANK0   BANK1
      Params:         0       0       0
      Locals:         0       0       0
      Temps:          0       0       0
      Totals:         0       0       0
Total ram usage:        0 bytes
 Hardware stack levels used:    1
 This function calls:
		Nothing
 This function is called by:
		_main
 This function uses a non-reentrant model


 *************** function _SetupPinIO *****************
 Defined at:
		line 46 in file "D:/Programming/LocalGit/FanController/FanController.X/main.c"
 Parameters:    Size  Location     Type
		None
 Auto vars:     Size  Location     Type
		None
 Return value:  Size  Location     Type
		None               void
 Registers used:
		None
 Tracked objects:
		On entry : 
		On exit  : 
		Unchanged: 
 Data sizes:     COMMON   BANK0   BANK1
      Params:         0       0       0
      Locals:         0       0       0
      Temps:          0       0       0
      Totals:         0       0       0
Total ram usage:        0 bytes
 Hardware stack levels used:    1
 This function calls:
		Nothing
 This function is called by:
		_main
 This function uses a non-reentrant model


 *************** function _SetupOscillator *****************
 Defined at:
		line 36 in file "D:/Programming/LocalGit/FanController/FanController.X/main.c"
 Parameters:    Size  Location     Type
		None
 Auto vars:     Size  Location     Type
		None
 Return value:  Size  Location     Type
		None               void
 Registers used:
		wreg, status,2, status,0
 Tracked objects:
		On entry : 
		On exit  : 
		Unchanged: 
 Data sizes:     COMMON   BANK0   BANK1
      Params:         0       0       0
      Locals:         0       0       0
      Temps:          0       0       0
      Totals:         0       0       0
Total ram usage:        0 bytes
 Hardware stack levels used:    1
 This function calls:
		Nothing
 This function is called by:
		_main
 This function uses a non-reentrant model



MODULE INFORMATION

Module		Function		Class		Link	Load	Size
shared
		__initializatio		CODE           	07F7	0000	7

shared estimated size: 7

D:\Program Files\Microchip\xc8\v1.21\sources\pic\wmul.c
		___wmul        		CODE           	069A	0000	35

D:\Program Files\Microchip\xc8\v1.21\sources\pic\wmul.c estimated size: 35

D:/Programming/LocalGit/FanController/FanController.X/main.c
		_getFanSpeed   		CODE           	070F	0000	58
		_SetupPinIO    		CODE           	065F	0000	11
		_main          		CODE           	06E2	0000	45
		_SetupOscillato		CODE           	0676	0000	16
		_mapToDegF     		CODE           	0749	0000	81
		_rampToSpeed   		CODE           	079A	0000	93
		_SetupADC      		CODE           	066A	0000	12
		_SetupPWM      		CODE           	0686	0000	20
		_readADC       		CODE           	06BD	0000	37

D:/Programming/LocalGit/FanController/FanController.X/main.c estimated size: 373

